--------------------------------------------------------------------------------
Release 14.7 Trace  (nt64)
Copyright (c) 1995-2013 Xilinx, Inc.  All rights reserved.

C:\Xilinx\14.7\ISE_DS\ISE\bin\nt64\unwrapped\trce.exe -intstyle ise -v 3 -s 2
-n 3 -fastpaths -xml ChipScope_TB.twx ChipScope_TB.ncd -o ChipScope_TB.twr
ChipScope_TB.pcf -ucf otmb2019.ucf

Design file:              ChipScope_TB.ncd
Physical constraint file: ChipScope_TB.pcf
Device,package,speed:     xc6vlx240t,ff1156,C,-2 (PRODUCTION 1.17 2013-10-13, STEPPING level 0)
Report level:             verbose report

Environment Variable      Effect 
--------------------      ------ 
NONE                      No environment variables were set
--------------------------------------------------------------------------------

INFO:Timing:3412 - To improve timing, see the Timing Closure User Guide (UG612).
INFO:Timing:2752 - To get complete path coverage, use the unconstrained paths 
   option. All paths that are not constrained will be reported in the 
   unconstrained paths section(s) of the report.
INFO:Timing:3339 - The clock-to-out numbers in this timing report are based on 
   a 50 Ohm transmission line loading model.  For the details of this model, 
   and for more information on accounting for different loading conditions, 
   please see the device datasheet.

================================================================================
Timing constraint: TS_txusrclk2 = PERIOD TIMEGRP "txusrclk2" 6.25 ns HIGH 50%;
For more information, see Period Analysis in the Timing Closure User Guide (UG612).

 13012 paths analyzed, 8927 endpoints analyzed, 333 failing endpoints
 333 timing errors detected. (333 setup errors, 0 hold errors, 0 component switching limit errors)
 Minimum period is   9.130ns.
--------------------------------------------------------------------------------

Paths for end point ccb_data_mon/U0/I_NO_D.U_ILA/U_CAPSTOR/I_CASE1.I_YES_TB.U_TRACE_BUFFER/U_RAM/I_V6.U_CS_BRAM_CASCADE_V6/I_DEPTH_EQ_112K_OR_128K.U_SBRAM_2/I_B36KGT0.G_RAMB36[50].u_ramb36/U_RAMB36 (RAMB36_X2Y45.DIBDI0), 1 path
--------------------------------------------------------------------------------
Slack (setup path):     -2.880ns (requirement - (data path - clock path skew + uncertainty))
  Source:               ccb_data_mon/U0/I_NO_D.U_ILA/I_DQ.U_DQQ/DLY_9.DLY_9_GEN[49].I_SRLT_NE_0.FF (FF)
  Destination:          ccb_data_mon/U0/I_NO_D.U_ILA/U_CAPSTOR/I_CASE1.I_YES_TB.U_TRACE_BUFFER/U_RAM/I_V6.U_CS_BRAM_CASCADE_V6/I_DEPTH_EQ_112K_OR_128K.U_SBRAM_2/I_B36KGT0.G_RAMB36[50].u_ramb36/U_RAMB36 (RAM)
  Requirement:          6.250ns
  Data Path Delay:      9.212ns (Levels of Logic = 0)
  Clock Path Skew:      0.117ns (1.590 - 1.473)
  Source Clock:         txusrclk2 rising at 0.000ns
  Destination Clock:    txusrclk2 rising at 6.250ns
  Clock Uncertainty:    0.035ns

  Clock Uncertainty:          0.035ns  ((TSJ^2 + TIJ^2)^1/2 + DJ) / 2 + PE
    Total System Jitter (TSJ):  0.070ns
    Total Input Jitter (TIJ):   0.000ns
    Discrete Jitter (DJ):       0.000ns
    Phase Error (PE):           0.000ns

  Maximum Data Path at Slow Process Corner: ccb_data_mon/U0/I_NO_D.U_ILA/I_DQ.U_DQQ/DLY_9.DLY_9_GEN[49].I_SRLT_NE_0.FF to ccb_data_mon/U0/I_NO_D.U_ILA/U_CAPSTOR/I_CASE1.I_YES_TB.U_TRACE_BUFFER/U_RAM/I_V6.U_CS_BRAM_CASCADE_V6/I_DEPTH_EQ_112K_OR_128K.U_SBRAM_2/I_B36KGT0.G_RAMB36[50].u_ramb36/U_RAMB36
    Location                Delay type         Delay(ns)  Physical Resource
                                                          Logical Resource(s)
    ----------------------------------------------------  -------------------
    SLICE_X92Y81.AQ         Tcko                  0.322   ccb_data_mon/U0/I_NO_D.U_ILA/iDATA<46>
                                                          ccb_data_mon/U0/I_NO_D.U_ILA/I_DQ.U_DQQ/DLY_9.DLY_9_GEN[49].I_SRLT_NE_0.FF
    RAMB36_X2Y45.DIBDI0     net (fanout=8)        8.203   ccb_data_mon/U0/I_NO_D.U_ILA/iDATA<49>
    RAMB36_X2Y45.CLKBWRCLKL Trdck_DIB             0.687   ccb_data_mon/U0/I_NO_D.U_ILA/U_CAPSTOR/I_CASE1.I_YES_TB.U_TRACE_BUFFER/U_RAM/I_V6.U_CS_BRAM_CASCADE_V6/I_DEPTH_EQ_112K_OR_128K.U_SBRAM_2/I_B36KGT0.G_RAMB36[50].u_ramb36/U_RAMB36
                                                          ccb_data_mon/U0/I_NO_D.U_ILA/U_CAPSTOR/I_CASE1.I_YES_TB.U_TRACE_BUFFER/U_RAM/I_V6.U_CS_BRAM_CASCADE_V6/I_DEPTH_EQ_112K_OR_128K.U_SBRAM_2/I_B36KGT0.G_RAMB36[50].u_ramb36/U_RAMB36
    ----------------------------------------------------  ---------------------------
    Total                                         9.212ns (1.009ns logic, 8.203ns route)
                                                          (11.0% logic, 89.0% route)

--------------------------------------------------------------------------------

Paths for end point ccb_data_mon/U0/I_NO_D.U_ILA/U_CAPSTOR/I_CASE1.I_YES_TB.U_TRACE_BUFFER/U_RAM/I_V6.U_CS_BRAM_CASCADE_V6/I_DEPTH_EQ_112K_OR_128K.U_SBRAM_2/I_B36KGT0.G_RAMB36[50].u_ramb36/U_RAMB36 (RAMB36_X2Y45.DIBDI1), 1 path
--------------------------------------------------------------------------------
Slack (setup path):     -2.880ns (requirement - (data path - clock path skew + uncertainty))
  Source:               ccb_data_mon/U0/I_NO_D.U_ILA/I_DQ.U_DQQ/DLY_9.DLY_9_GEN[49].I_SRLT_NE_0.FF (FF)
  Destination:          ccb_data_mon/U0/I_NO_D.U_ILA/U_CAPSTOR/I_CASE1.I_YES_TB.U_TRACE_BUFFER/U_RAM/I_V6.U_CS_BRAM_CASCADE_V6/I_DEPTH_EQ_112K_OR_128K.U_SBRAM_2/I_B36KGT0.G_RAMB36[50].u_ramb36/U_RAMB36 (RAM)
  Requirement:          6.250ns
  Data Path Delay:      9.212ns (Levels of Logic = 0)
  Clock Path Skew:      0.117ns (1.590 - 1.473)
  Source Clock:         txusrclk2 rising at 0.000ns
  Destination Clock:    txusrclk2 rising at 6.250ns
  Clock Uncertainty:    0.035ns

  Clock Uncertainty:          0.035ns  ((TSJ^2 + TIJ^2)^1/2 + DJ) / 2 + PE
    Total System Jitter (TSJ):  0.070ns
    Total Input Jitter (TIJ):   0.000ns
    Discrete Jitter (DJ):       0.000ns
    Phase Error (PE):           0.000ns

  Maximum Data Path at Slow Process Corner: ccb_data_mon/U0/I_NO_D.U_ILA/I_DQ.U_DQQ/DLY_9.DLY_9_GEN[49].I_SRLT_NE_0.FF to ccb_data_mon/U0/I_NO_D.U_ILA/U_CAPSTOR/I_CASE1.I_YES_TB.U_TRACE_BUFFER/U_RAM/I_V6.U_CS_BRAM_CASCADE_V6/I_DEPTH_EQ_112K_OR_128K.U_SBRAM_2/I_B36KGT0.G_RAMB36[50].u_ramb36/U_RAMB36
    Location                Delay type         Delay(ns)  Physical Resource
                                                          Logical Resource(s)
    ----------------------------------------------------  -------------------
    SLICE_X92Y81.AQ         Tcko                  0.322   ccb_data_mon/U0/I_NO_D.U_ILA/iDATA<46>
                                                          ccb_data_mon/U0/I_NO_D.U_ILA/I_DQ.U_DQQ/DLY_9.DLY_9_GEN[49].I_SRLT_NE_0.FF
    RAMB36_X2Y45.DIBDI1     net (fanout=8)        8.203   ccb_data_mon/U0/I_NO_D.U_ILA/iDATA<49>
    RAMB36_X2Y45.CLKBWRCLKL Trdck_DIB             0.687   ccb_data_mon/U0/I_NO_D.U_ILA/U_CAPSTOR/I_CASE1.I_YES_TB.U_TRACE_BUFFER/U_RAM/I_V6.U_CS_BRAM_CASCADE_V6/I_DEPTH_EQ_112K_OR_128K.U_SBRAM_2/I_B36KGT0.G_RAMB36[50].u_ramb36/U_RAMB36
                                                          ccb_data_mon/U0/I_NO_D.U_ILA/U_CAPSTOR/I_CASE1.I_YES_TB.U_TRACE_BUFFER/U_RAM/I_V6.U_CS_BRAM_CASCADE_V6/I_DEPTH_EQ_112K_OR_128K.U_SBRAM_2/I_B36KGT0.G_RAMB36[50].u_ramb36/U_RAMB36
    ----------------------------------------------------  ---------------------------
    Total                                         9.212ns (1.009ns logic, 8.203ns route)
                                                          (11.0% logic, 89.0% route)

--------------------------------------------------------------------------------

Paths for end point ccb_data_mon/U0/I_NO_D.U_ILA/U_CAPSTOR/I_CASE1.I_YES_TB.U_TRACE_BUFFER/U_RAM/I_V6.U_CS_BRAM_CASCADE_V6/I_DEPTH_EQ_112K_OR_128K.U_SBRAM_2/I_B36KGT0.G_RAMB36[5].u_ramb36/U_RAMB36 (RAMB36_X7Y41.ADDRBWRADDRL6), 1 path
--------------------------------------------------------------------------------
Slack (setup path):     -1.919ns (requirement - (data path - clock path skew + uncertainty))
  Source:               ccb_data_mon/U0/I_NO_D.U_ILA/U_G2_SQ.U_CAPCTRL/U_CAP_ADDRGEN/I_INTCAP.F_CAP_ADDR[6].U_CAP_ADDR (FF)
  Destination:          ccb_data_mon/U0/I_NO_D.U_ILA/U_CAPSTOR/I_CASE1.I_YES_TB.U_TRACE_BUFFER/U_RAM/I_V6.U_CS_BRAM_CASCADE_V6/I_DEPTH_EQ_112K_OR_128K.U_SBRAM_2/I_B36KGT0.G_RAMB36[5].u_ramb36/U_RAMB36 (RAM)
  Requirement:          6.250ns
  Data Path Delay:      8.314ns (Levels of Logic = 0)
  Clock Path Skew:      0.180ns (1.639 - 1.459)
  Source Clock:         txusrclk2 rising at 0.000ns
  Destination Clock:    txusrclk2 rising at 6.250ns
  Clock Uncertainty:    0.035ns

  Clock Uncertainty:          0.035ns  ((TSJ^2 + TIJ^2)^1/2 + DJ) / 2 + PE
    Total System Jitter (TSJ):  0.070ns
    Total Input Jitter (TIJ):   0.000ns
    Discrete Jitter (DJ):       0.000ns
    Phase Error (PE):           0.000ns

  Maximum Data Path at Slow Process Corner: ccb_data_mon/U0/I_NO_D.U_ILA/U_G2_SQ.U_CAPCTRL/U_CAP_ADDRGEN/I_INTCAP.F_CAP_ADDR[6].U_CAP_ADDR to ccb_data_mon/U0/I_NO_D.U_ILA/U_CAPSTOR/I_CASE1.I_YES_TB.U_TRACE_BUFFER/U_RAM/I_V6.U_CS_BRAM_CASCADE_V6/I_DEPTH_EQ_112K_OR_128K.U_SBRAM_2/I_B36KGT0.G_RAMB36[5].u_ramb36/U_RAMB36
    Location                   Delay type         Delay(ns)  Physical Resource
                                                             Logical Resource(s)
    -------------------------------------------------------  -------------------
    SLICE_X95Y103.CQ           Tcko                  0.283   ccb_data_mon/U0/I_NO_D.U_ILA/iCAP_WR_ADDR<7>
                                                             ccb_data_mon/U0/I_NO_D.U_ILA/U_G2_SQ.U_CAPCTRL/U_CAP_ADDRGEN/I_INTCAP.F_CAP_ADDR[6].U_CAP_ADDR
    RAMB36_X7Y41.ADDRBWRADDRL6 net (fanout=408)      7.621   ccb_data_mon/U0/I_NO_D.U_ILA/iCAP_WR_ADDR<6>
    RAMB36_X7Y41.CLKBWRCLKL    Trcck_ADDRB           0.410   ccb_data_mon/U0/I_NO_D.U_ILA/U_CAPSTOR/I_CASE1.I_YES_TB.U_TRACE_BUFFER/U_RAM/I_V6.U_CS_BRAM_CASCADE_V6/I_DEPTH_EQ_112K_OR_128K.U_SBRAM_2/I_B36KGT0.G_RAMB36[5].u_ramb36/U_RAMB36
                                                             ccb_data_mon/U0/I_NO_D.U_ILA/U_CAPSTOR/I_CASE1.I_YES_TB.U_TRACE_BUFFER/U_RAM/I_V6.U_CS_BRAM_CASCADE_V6/I_DEPTH_EQ_112K_OR_128K.U_SBRAM_2/I_B36KGT0.G_RAMB36[5].u_ramb36/U_RAMB36
    -------------------------------------------------------  ---------------------------
    Total                                            8.314ns (0.693ns logic, 7.621ns route)
                                                             (8.3% logic, 91.7% route)

--------------------------------------------------------------------------------

Hold Paths: TS_txusrclk2 = PERIOD TIMEGRP "txusrclk2" 6.25 ns HIGH 50%;
--------------------------------------------------------------------------------

Paths for end point ccb_data_mon/U0/I_NO_D.U_ILA/U_G2_SQ.U_CAPCTRL/U_CAP_ADDRGEN/I_INTCAP.F_CAP_ADDR[8].U_CAP_ADDR (SLICE_X96Y107.BX), 1 path
--------------------------------------------------------------------------------
Slack (hold path):      0.066ns (requirement - (clock path skew + uncertainty - data path))
  Source:               ccb_data_mon/U0/I_NO_D.U_ILA/U_G2_SQ.U_CAPCTRL/U_CAP_ADDRGEN/I_INTCAP.F_CAP_ADDR[8].U_iCAP_ADDR (FF)
  Destination:          ccb_data_mon/U0/I_NO_D.U_ILA/U_G2_SQ.U_CAPCTRL/U_CAP_ADDRGEN/I_INTCAP.F_CAP_ADDR[8].U_CAP_ADDR (FF)
  Requirement:          0.000ns
  Data Path Delay:      0.103ns (Levels of Logic = 0)
  Clock Path Skew:      0.037ns (0.505 - 0.468)
  Source Clock:         txusrclk2 rising at 6.250ns
  Destination Clock:    txusrclk2 rising at 6.250ns
  Clock Uncertainty:    0.000ns

  Minimum Data Path at Fast Process Corner: ccb_data_mon/U0/I_NO_D.U_ILA/U_G2_SQ.U_CAPCTRL/U_CAP_ADDRGEN/I_INTCAP.F_CAP_ADDR[8].U_iCAP_ADDR to ccb_data_mon/U0/I_NO_D.U_ILA/U_G2_SQ.U_CAPCTRL/U_CAP_ADDRGEN/I_INTCAP.F_CAP_ADDR[8].U_CAP_ADDR
    Location             Delay type         Delay(ns)  Physical Resource
                                                       Logical Resource(s)
    -------------------------------------------------  -------------------
    SLICE_X99Y107.AQ     Tcko                  0.098   ccb_data_mon/U0/I_NO_D.U_ILA/U_G2_SQ.U_CAPCTRL/U_CAP_ADDRGEN/iCAP_ADDR<10>
                                                       ccb_data_mon/U0/I_NO_D.U_ILA/U_G2_SQ.U_CAPCTRL/U_CAP_ADDRGEN/I_INTCAP.F_CAP_ADDR[8].U_iCAP_ADDR
    SLICE_X96Y107.BX     net (fanout=1)        0.094   ccb_data_mon/U0/I_NO_D.U_ILA/U_G2_SQ.U_CAPCTRL/U_CAP_ADDRGEN/iCAP_ADDR<8>
    SLICE_X96Y107.CLK    Tckdi       (-Th)     0.089   ccb_data_mon/U0/I_NO_D.U_ILA/iCAP_WR_ADDR<10>
                                                       ccb_data_mon/U0/I_NO_D.U_ILA/U_G2_SQ.U_CAPCTRL/U_CAP_ADDRGEN/I_INTCAP.F_CAP_ADDR[8].U_CAP_ADDR
    -------------------------------------------------  ---------------------------
    Total                                      0.103ns (0.009ns logic, 0.094ns route)
                                                       (8.7% logic, 91.3% route)

--------------------------------------------------------------------------------

Paths for end point ccb_data_mon/U0/I_NO_D.U_ILA/U_G2_SQ.U_CAPCTRL/U_CAP_ADDRGEN/I_INTCAP.F_CAP_ADDR[10].U_CAP_ADDR (SLICE_X96Y107.DX), 1 path
--------------------------------------------------------------------------------
Slack (hold path):      0.067ns (requirement - (clock path skew + uncertainty - data path))
  Source:               ccb_data_mon/U0/I_NO_D.U_ILA/U_G2_SQ.U_CAPCTRL/U_CAP_ADDRGEN/I_INTCAP.F_CAP_ADDR[10].U_iCAP_ADDR (FF)
  Destination:          ccb_data_mon/U0/I_NO_D.U_ILA/U_G2_SQ.U_CAPCTRL/U_CAP_ADDRGEN/I_INTCAP.F_CAP_ADDR[10].U_CAP_ADDR (FF)
  Requirement:          0.000ns
  Data Path Delay:      0.104ns (Levels of Logic = 0)
  Clock Path Skew:      0.037ns (0.505 - 0.468)
  Source Clock:         txusrclk2 rising at 6.250ns
  Destination Clock:    txusrclk2 rising at 6.250ns
  Clock Uncertainty:    0.000ns

  Minimum Data Path at Fast Process Corner: ccb_data_mon/U0/I_NO_D.U_ILA/U_G2_SQ.U_CAPCTRL/U_CAP_ADDRGEN/I_INTCAP.F_CAP_ADDR[10].U_iCAP_ADDR to ccb_data_mon/U0/I_NO_D.U_ILA/U_G2_SQ.U_CAPCTRL/U_CAP_ADDRGEN/I_INTCAP.F_CAP_ADDR[10].U_CAP_ADDR
    Location             Delay type         Delay(ns)  Physical Resource
                                                       Logical Resource(s)
    -------------------------------------------------  -------------------
    SLICE_X99Y107.CQ     Tcko                  0.098   ccb_data_mon/U0/I_NO_D.U_ILA/U_G2_SQ.U_CAPCTRL/U_CAP_ADDRGEN/iCAP_ADDR<10>
                                                       ccb_data_mon/U0/I_NO_D.U_ILA/U_G2_SQ.U_CAPCTRL/U_CAP_ADDRGEN/I_INTCAP.F_CAP_ADDR[10].U_iCAP_ADDR
    SLICE_X96Y107.DX     net (fanout=1)        0.095   ccb_data_mon/U0/I_NO_D.U_ILA/U_G2_SQ.U_CAPCTRL/U_CAP_ADDRGEN/iCAP_ADDR<10>
    SLICE_X96Y107.CLK    Tckdi       (-Th)     0.089   ccb_data_mon/U0/I_NO_D.U_ILA/iCAP_WR_ADDR<10>
                                                       ccb_data_mon/U0/I_NO_D.U_ILA/U_G2_SQ.U_CAPCTRL/U_CAP_ADDRGEN/I_INTCAP.F_CAP_ADDR[10].U_CAP_ADDR
    -------------------------------------------------  ---------------------------
    Total                                      0.104ns (0.009ns logic, 0.095ns route)
                                                       (8.7% logic, 91.3% route)

--------------------------------------------------------------------------------

Paths for end point ccb_data_mon/U0/I_NO_D.U_ILA/U_CAPSTOR/I_CASE1.I_YES_TB.U_TRACE_BUFFER/U_RAM/I_V6.U_CS_BRAM_CASCADE_V6/I_DEPTH_EQ_112K_OR_128K.U_SBRAM_2/I_B36KGT0.G_RAMB36[26].u_ramb36/U_RAMB36 (RAMB36_X4Y25.ADDRBWRADDRL12), 1 path
--------------------------------------------------------------------------------
Slack (hold path):      0.077ns (requirement - (clock path skew + uncertainty - data path))
  Source:               ccb_data_mon/U0/I_NO_D.U_ILA/U_G2_SQ.U_CAPCTRL/U_CAP_ADDRGEN/I_INTCAP.F_CAP_ADDR[12].U_CAP_ADDR (FF)
  Destination:          ccb_data_mon/U0/I_NO_D.U_ILA/U_CAPSTOR/I_CASE1.I_YES_TB.U_TRACE_BUFFER/U_RAM/I_V6.U_CS_BRAM_CASCADE_V6/I_DEPTH_EQ_112K_OR_128K.U_SBRAM_2/I_B36KGT0.G_RAMB36[26].u_ramb36/U_RAMB36 (RAM)
  Requirement:          0.000ns
  Data Path Delay:      0.216ns (Levels of Logic = 0)
  Clock Path Skew:      0.139ns (0.608 - 0.469)
  Source Clock:         txusrclk2 rising at 6.250ns
  Destination Clock:    txusrclk2 rising at 6.250ns
  Clock Uncertainty:    0.000ns

  Minimum Data Path at Fast Process Corner: ccb_data_mon/U0/I_NO_D.U_ILA/U_G2_SQ.U_CAPCTRL/U_CAP_ADDRGEN/I_INTCAP.F_CAP_ADDR[12].U_CAP_ADDR to ccb_data_mon/U0/I_NO_D.U_ILA/U_CAPSTOR/I_CASE1.I_YES_TB.U_TRACE_BUFFER/U_RAM/I_V6.U_CS_BRAM_CASCADE_V6/I_DEPTH_EQ_112K_OR_128K.U_SBRAM_2/I_B36KGT0.G_RAMB36[26].u_ramb36/U_RAMB36
    Location                    Delay type         Delay(ns)  Physical Resource
                                                              Logical Resource(s)
    --------------------------------------------------------  -------------------
    SLICE_X99Y131.AQ            Tcko                  0.098   ccb_data_mon/U0/I_NO_D.U_ILA/iCAP_WR_ADDR<15>
                                                              ccb_data_mon/U0/I_NO_D.U_ILA/U_G2_SQ.U_CAPCTRL/U_CAP_ADDRGEN/I_INTCAP.F_CAP_ADDR[12].U_CAP_ADDR
    RAMB36_X4Y25.ADDRBWRADDRL12 net (fanout=408)      0.215   ccb_data_mon/U0/I_NO_D.U_ILA/iCAP_WR_ADDR<12>
    RAMB36_X4Y25.CLKBWRCLKL     Trckc_ADDRB (-Th)     0.097   ccb_data_mon/U0/I_NO_D.U_ILA/U_CAPSTOR/I_CASE1.I_YES_TB.U_TRACE_BUFFER/U_RAM/I_V6.U_CS_BRAM_CASCADE_V6/I_DEPTH_EQ_112K_OR_128K.U_SBRAM_2/I_B36KGT0.G_RAMB36[26].u_ramb36/U_RAMB36
                                                              ccb_data_mon/U0/I_NO_D.U_ILA/U_CAPSTOR/I_CASE1.I_YES_TB.U_TRACE_BUFFER/U_RAM/I_V6.U_CS_BRAM_CASCADE_V6/I_DEPTH_EQ_112K_OR_128K.U_SBRAM_2/I_B36KGT0.G_RAMB36[26].u_ramb36/U_RAMB36
    --------------------------------------------------------  ---------------------------
    Total                                             0.216ns (0.001ns logic, 0.215ns route)
                                                              (0.5% logic, 99.5% route)

--------------------------------------------------------------------------------

Component Switching Limit Checks: TS_txusrclk2 = PERIOD TIMEGRP "txusrclk2" 6.25 ns HIGH 50%;
--------------------------------------------------------------------------------
Slack: 3.826ns (period - min period limit)
  Period: 6.250ns
  Min period limit: 2.424ns (412.541MHz) (Tgtxper_USRCLK)
  Physical resource: top_tb/gtx10_Fiber_i/gtxe1_i/RXUSRCLK2
  Logical resource: top_tb/gtx10_Fiber_i/gtxe1_i/RXUSRCLK2
  Location pin: GTXE1_X0Y10.RXUSRCLK2
  Clock network: txusrclk2
--------------------------------------------------------------------------------
Slack: 3.826ns (period - min period limit)
  Period: 6.250ns
  Min period limit: 2.424ns (412.541MHz) (Tgtxper_USRCLK)
  Physical resource: top_tb/gtx10_Fiber_i/gtxe1_i/TXUSRCLK2
  Logical resource: top_tb/gtx10_Fiber_i/gtxe1_i/TXUSRCLK2
  Location pin: GTXE1_X0Y10.TXUSRCLK2
  Clock network: txusrclk2
--------------------------------------------------------------------------------
Slack: 3.826ns (period - min period limit)
  Period: 6.250ns
  Min period limit: 2.424ns (412.541MHz) (Tgtxper_USRCLK)
  Physical resource: top_tb/gtx8_Fiber_i/gtxe1_i/RXUSRCLK2
  Logical resource: top_tb/gtx8_Fiber_i/gtxe1_i/RXUSRCLK2
  Location pin: GTXE1_X0Y8.RXUSRCLK2
  Clock network: txusrclk2
--------------------------------------------------------------------------------


1 constraint not met.


Data Sheet report:
-----------------
No constraints were found to generate data for the Data Sheet Report section.
Use the Advanced Analysis (-a) option or generate global constraints for each
clock, its pad to setup and clock to pad paths, and a pad to pad constraint.

Timing summary:
---------------

Timing errors: 333  Score: 205286  (Setup/Max: 205286, Hold: 0)

Constraints cover 13012 paths, 0 nets, and 9609 connections

Design statistics:
   Minimum period:   9.130ns{1}   (Maximum frequency: 109.529MHz)


------------------------------------Footnotes-----------------------------------
1)  The minimum period statistic assumes all single cycle delays.

Analysis completed Fri Oct 25 01:29:33 2024 
--------------------------------------------------------------------------------

Trace Settings:
-------------------------
Trace Settings 

Peak Memory Usage: 5061 MB



